<!doctype html>
<html>
<head lang="en">
    <meta charset="utf-8">
    <title>Font-face</title>
    <style>
        body{font-family:'PT Sans',sans-serif}
    </style>
    <link rel="stylesheet" href="styles/font.css" media="print" onload="this.media='all'">
</head>
<body>
    <h1>should be styled by @font-face</h1>

<noscript><link rel="stylesheet" href="styles/font.css"></noscript>
</body>
</html>
